============================= test session starts =============================
platform win32 -- Python 3.14.2, pytest-8.2.2, pluggy-1.6.0 -- C:\Users\spectre\AppData\Local\Programs\Python\Python314\python.exe
cachedir: .pytest_cache
rootdir: D:\Skill Flywheel
configfile: pytest.ini
plugins: anyio-4.12.1, hydra-core-1.3.2, langsmith-0.7.14, logfire-4.22.0, asyncio-0.23.7, cov-5.0.0
asyncio: mode=Mode.AUTO
collecting ... collected 22 items

tests/test_mcp_server_fix.py::TestServerConfig::test_default_config PASSED [  4%]
tests/test_mcp_server_fix.py::TestServerConfig::test_custom_config_loading PASSED [  9%]
tests/test_mcp_server_fix.py::TestAdvancedTelemetryManager::test_collect_advanced_metrics PASSED [ 13%]
tests/test_mcp_server_fix.py::TestAdvancedTelemetryManager::test_track_advanced_skill_execution PASSED [ 18%]
tests/test_mcp_server_fix.py::TestAdvancedTelemetryManager::test_calculate_advanced_priority_score PASSED [ 22%]
tests/test_mcp_server_fix.py::TestAdvancedTelemetryManager::test_get_advanced_optimization_recommendations PASSED [ 27%]
tests/test_mcp_server_fix.py::TestEnhancedSkillManager::test_discover_skills PASSED [ 31%]
tests/test_mcp_server_fix.py::TestEnhancedSkillManager::test_load_skill_dynamically PASSED [ 36%]
tests/test_mcp_server_fix.py::TestEnhancedSkillManager::test_execute_skill FAILED [ 40%]
tests/test_mcp_server_fix.py::TestMLModelManager::test_model_initialization PASSED [ 45%]
tests/test_mcp_server_fix.py::TestMLModelManager::test_predict_skill_usage PASSED [ 50%]
tests/test_mcp_server_fix.py::TestMLModelManager::test_detect_anomalies PASSED [ 54%]
tests/test_mcp_server_fix.py::TestResourceOptimizer::test_calculate_utilization_score PASSED [ 59%]
tests/test_mcp_server_fix.py::TestResourceOptimizer::test_optimize_allocation PASSED [ 63%]
tests/test_mcp_server_fix.py::TestAdvancedCache::test_memory_cache PASSED [ 68%]
tests/test_mcp_server_fix.py::TestAdvancedCache::test_redis_cache PASSED [ 72%]
tests/test_mcp_server_fix.py::TestContainerManager::test_container_scaling PASSED [ 77%]
tests/test_mcp_server_fix.py::TestAutoScaler::test_scaling_config PASSED [ 81%]
tests/test_mcp_server_fix.py::TestAutoScaler::test_calculate_target_containers PASSED [ 86%]
tests/test_mcp_server_fix.py::TestPerformance::test_concurrent_skill_loading PASSED [ 90%]
tests/test_mcp_server_fix.py::TestPerformance::test_ml_model_training_performance PASSED [ 95%]
tests/test_mcp_server_fix.py::TestIntegration::test_full_server_lifecycle FAILED [100%]

================================== FAILURES ===================================
_________________ TestEnhancedSkillManager.test_execute_skill _________________

self = <test_mcp_server_fix.TestEnhancedSkillManager object at 0x0000016AD06DA8B0>
skill_manager = <src.core.skills.EnhancedSkillManager object at 0x0000016AD0766AD0>

    @pytest.mark.asyncio
    async def test_execute_skill(self, skill_manager):
        """Test skill execution"""
        await skill_manager.discover_skills()
    
        # Execute the skill
        result = await skill_manager.execute_skill("test_skill")
    
        assert result == "Hello from test skill"
    
        # Verify telemetry was updated
        assert "test_skill" in skill_manager.telemetry.skill_metrics
        metrics = skill_manager.telemetry.skill_metrics["test_skill"]
>       assert metrics.execution_count == 1
E       AssertionError: assert 2 == 1
E        +  where 2 = <Mock id='1558277456960'>.execution_count

tests\test_mcp_server_fix.py:191: AssertionError
_________________ TestIntegration.test_full_server_lifecycle __________________

self = <test_mcp_server_fix.TestIntegration object at 0x0000016AD07665D0>

        @pytest.mark.asyncio
        async def test_full_server_lifecycle(self):
            """Test complete server lifecycle"""
            # This would test the full server startup, operation, and shutdown
            # For now, we'll test the core components working together
    
            with tempfile.TemporaryDirectory() as temp_dir:
                skills_dir = pathlib.Path(temp_dir) / "skills"
                skills_dir.mkdir()
    
                # Create test skills
                for i in range(3):
                    skill_file = skills_dir / f"test_skill_{i}.py"
                    skill_file.write_text(f"""
    def test_skill_{i}():
        return "Result from skill {i}"
    """)
    
                # Initialize components
                skill_manager = enhanced_mcp_server_v3.EnhancedSkillManager(str(skills_dir))
                telemetry_manager = skill_manager.telemetry
    
                # Test discovery and execution
                skills = await skill_manager.discover_skills()
                assert len(skills) == 3
    
                # Execute all skills
                results = []
                for skill in skills:
                    result = await skill_manager.execute_skill(skill)
                    results.append(result)
    
                assert len(results) == 3
    
                # Verify telemetry
                assert len(telemetry_manager.skill_metrics) == 3
    
                # Test optimization recommendations
                recommendations = telemetry_manager.get_advanced_optimization_recommendations()
>               assert "skills_to_preload" in recommendations
E               TypeError: argument of type 'Mock' is not a container or iterable

tests\test_mcp_server_fix.py:484: TypeError
============================== warnings summary ===============================
C:\Users\spectre\AppData\Local\Programs\Python\Python314\Lib\site-packages\pytest_asyncio\plugin.py:166: 1026 warnings
  C:\Users\spectre\AppData\Local\Programs\Python\Python314\Lib\site-packages\pytest_asyncio\plugin.py:166: DeprecationWarning: 'asyncio.iscoroutinefunction' is deprecated and slated for removal in Python 3.16; use inspect.iscoroutinefunction() instead
    return asyncio.iscoroutinefunction(obj) or inspect.isasyncgenfunction(obj)

C:\Users\spectre\AppData\Local\Programs\Python\Python314\Lib\site-packages\pytest_asyncio\plugin.py:429: 22 warnings
  C:\Users\spectre\AppData\Local\Programs\Python\Python314\Lib\site-packages\pytest_asyncio\plugin.py:429: DeprecationWarning: 'asyncio.iscoroutinefunction' is deprecated and slated for removal in Python 3.16; use inspect.iscoroutinefunction() instead
    return asyncio.iscoroutinefunction(func)

tests/test_mcp_server_fix.py::TestServerConfig::test_default_config
  C:\Users\spectre\AppData\Local\Programs\Python\Python314\Lib\site-packages\pytest_asyncio\plugin.py:1001: DeprecationWarning: 'asyncio.get_event_loop_policy' is deprecated and slated for removal in Python 3.16
    return asyncio.get_event_loop_policy()

tests/test_mcp_server_fix.py::TestAdvancedTelemetryManager::test_collect_advanced_metrics
  C:\Users\spectre\AppData\Local\Programs\Python\Python314\Lib\site-packages\GPUtil\GPUtil.py:73: DeprecationWarning: Use shutil.which instead of find_executable
    nvidia_smi = spawn.find_executable('nvidia-smi')

tests/test_mcp_server_fix.py::TestEnhancedSkillManager::test_discover_skills
tests/test_mcp_server_fix.py::TestEnhancedSkillManager::test_load_skill_dynamically
tests/test_mcp_server_fix.py::TestEnhancedSkillManager::test_execute_skill
tests/test_mcp_server_fix.py::TestPerformance::test_concurrent_skill_loading
tests/test_mcp_server_fix.py::TestIntegration::test_full_server_lifecycle
  C:\Users\spectre\AppData\Local\Programs\Python\Python314\Lib\site-packages\pytest_asyncio\plugin.py:747: DeprecationWarning: 'asyncio.get_event_loop_policy' is deprecated and slated for removal in Python 3.16
    _restore_event_loop_policy(asyncio.get_event_loop_policy()),

tests/test_mcp_server_fix.py::TestEnhancedSkillManager::test_discover_skills
tests/test_mcp_server_fix.py::TestEnhancedSkillManager::test_load_skill_dynamically
tests/test_mcp_server_fix.py::TestEnhancedSkillManager::test_execute_skill
tests/test_mcp_server_fix.py::TestPerformance::test_concurrent_skill_loading
tests/test_mcp_server_fix.py::TestIntegration::test_full_server_lifecycle
  C:\Users\spectre\AppData\Local\Programs\Python\Python314\Lib\site-packages\pytest_asyncio\plugin.py:973: DeprecationWarning: 'asyncio.set_event_loop_policy' is deprecated and slated for removal in Python 3.16
    asyncio.set_event_loop_policy(new_loop_policy)

tests/test_mcp_server_fix.py::TestEnhancedSkillManager::test_discover_skills
tests/test_mcp_server_fix.py::TestEnhancedSkillManager::test_load_skill_dynamically
tests/test_mcp_server_fix.py::TestEnhancedSkillManager::test_execute_skill
tests/test_mcp_server_fix.py::TestPerformance::test_concurrent_skill_loading
tests/test_mcp_server_fix.py::TestIntegration::test_full_server_lifecycle
  C:\Users\spectre\AppData\Local\Programs\Python\Python314\Lib\site-packages\pytest_asyncio\plugin.py:974: DeprecationWarning: 'asyncio.get_event_loop_policy' is deprecated and slated for removal in Python 3.16
    loop = asyncio.get_event_loop_policy().new_event_loop()

tests/test_mcp_server_fix.py::TestEnhancedSkillManager::test_discover_skills
tests/test_mcp_server_fix.py::TestEnhancedSkillManager::test_load_skill_dynamically
tests/test_mcp_server_fix.py::TestEnhancedSkillManager::test_execute_skill
tests/test_mcp_server_fix.py::TestPerformance::test_concurrent_skill_loading
tests/test_mcp_server_fix.py::TestIntegration::test_full_server_lifecycle
  C:\Users\spectre\AppData\Local\Programs\Python\Python314\Lib\site-packages\pytest_asyncio\plugin.py:762: DeprecationWarning: 'asyncio.get_event_loop_policy' is deprecated and slated for removal in Python 3.16
    policy = asyncio.get_event_loop_policy()

tests/test_mcp_server_fix.py::TestEnhancedSkillManager::test_discover_skills
tests/test_mcp_server_fix.py::TestEnhancedSkillManager::test_load_skill_dynamically
tests/test_mcp_server_fix.py::TestEnhancedSkillManager::test_execute_skill
tests/test_mcp_server_fix.py::TestPerformance::test_concurrent_skill_loading
tests/test_mcp_server_fix.py::TestIntegration::test_full_server_lifecycle
  C:\Users\spectre\AppData\Local\Programs\Python\Python314\Lib\site-packages\pytest_asyncio\plugin.py:807: DeprecationWarning: 'asyncio.get_event_loop_policy' is deprecated and slated for removal in Python 3.16
    policy = asyncio.get_event_loop_policy()

tests/test_mcp_server_fix.py::TestEnhancedSkillManager::test_discover_skills
tests/test_mcp_server_fix.py::TestEnhancedSkillManager::test_load_skill_dynamically
tests/test_mcp_server_fix.py::TestEnhancedSkillManager::test_execute_skill
tests/test_mcp_server_fix.py::TestPerformance::test_concurrent_skill_loading
tests/test_mcp_server_fix.py::TestIntegration::test_full_server_lifecycle
  C:\Users\spectre\AppData\Local\Programs\Python\Python314\Lib\site-packages\pytest_asyncio\plugin.py:831: DeprecationWarning: 'asyncio.set_event_loop_policy' is deprecated and slated for removal in Python 3.16
    asyncio.set_event_loop_policy(previous_policy)

tests/test_mcp_server_fix.py::TestEnhancedSkillManager::test_discover_skills
tests/test_mcp_server_fix.py::TestEnhancedSkillManager::test_load_skill_dynamically
tests/test_mcp_server_fix.py::TestEnhancedSkillManager::test_execute_skill
tests/test_mcp_server_fix.py::TestPerformance::test_concurrent_skill_loading
tests/test_mcp_server_fix.py::TestIntegration::test_full_server_lifecycle
  C:\Users\spectre\AppData\Local\Programs\Python\Python314\Lib\site-packages\pytest_asyncio\plugin.py:843: DeprecationWarning: 'asyncio.get_event_loop_policy' is deprecated and slated for removal in Python 3.16
    policy = asyncio.get_event_loop_policy()

-- Docs: https://docs.pytest.org/en/stable/how-to/capture-warnings.html
=========================== short test summary info ===========================
FAILED tests/test_mcp_server_fix.py::TestEnhancedSkillManager::test_execute_skill - AssertionError: assert 2 == 1
 +  where 2 = <Mock id='1558277456960'>.execution_count
FAILED tests/test_mcp_server_fix.py::TestIntegration::test_full_server_lifecycle - TypeError: argument of type 'Mock' is not a container or iterable
================= 2 failed, 20 passed, 1085 warnings in 3.96s =================
